node_modules/react-router-dom/dist/index.d.ts(1,69): error TS2307: Cannot find module 'react-router/dom' or its corresponding type declarations.
  There are types at 'D:/PrimeToClick-Refaktorisano/node_modules/react-router/dist/development/dom-export.d.mts', but this result could not be resolved under your current 'moduleResolution' setting. Consider updating to 'node16', 'nodenext', or 'bundler'.
node_modules/react-router/dist/development/index.d.ts(4,8): error TS1259: Module '"D:/PrimeToClick-Refaktorisano/node_modules/@types/react/index"' can only be default-imported using the 'esModuleInterop' flag
node_modules/react-router/dist/development/instrumentation-DvHY1sgY.d.ts(408,5): error TS18028: Private identifiers are only available when targeting ECMAScript 2015 and higher.
src/integrations/filos/api/filosApiService.ts(30,15): error TS1343: The 'import.meta' meta-property is only allowed when the '--module' option is 'es2020', 'es2022', 'esnext', 'system', 'node16', 'node18', 'node20', or 'nodenext'.
src/integrations/filos/api/filosApiService.ts(30,27): error TS2339: Property 'env' does not exist on type 'ImportMeta'.
src/integrations/filos/api/filosApiService.ts(31,15): error TS1343: The 'import.meta' meta-property is only allowed when the '--module' option is 'es2020', 'es2022', 'esnext', 'system', 'node16', 'node18', 'node20', or 'nodenext'.
src/integrations/filos/api/filosApiService.ts(31,27): error TS2339: Property 'env' does not exist on type 'ImportMeta'.
src/integrations/mtsglobe/api/mtsGlobeService.ts(14,18): error TS1343: The 'import.meta' meta-property is only allowed when the '--module' option is 'es2020', 'es2022', 'esnext', 'system', 'node16', 'node18', 'node20', or 'nodenext'.
src/integrations/mtsglobe/api/mtsGlobeService.ts(14,30): error TS2339: Property 'env' does not exist on type 'ImportMeta'.
src/integrations/mtsglobe/MtsGlobeProvider.ts(100,19): error TS1343: The 'import.meta' meta-property is only allowed when the '--module' option is 'es2020', 'es2022', 'esnext', 'system', 'node16', 'node18', 'node20', or 'nodenext'.
src/integrations/mtsglobe/MtsGlobeProvider.ts(100,31): error TS2339: Property 'env' does not exist on type 'ImportMeta'.
src/integrations/mtsglobe/MtsGlobeProvider.ts(100,62): error TS1343: The 'import.meta' meta-property is only allowed when the '--module' option is 'es2020', 'es2022', 'esnext', 'system', 'node16', 'node18', 'node20', or 'nodenext'.
src/integrations/mtsglobe/MtsGlobeProvider.ts(100,74): error TS2339: Property 'env' does not exist on type 'ImportMeta'.
src/integrations/mtsglobe/utils/roomDecoder.ts(1,25): error TS2732: Cannot find module '../room_mapping.json'. Consider using '--resolveJsonModule' to import module with '.json' extension.
src/integrations/solvex/api/solvexDictionaryService.ts(495,38): error TS2802: Type 'Set<any>' can only be iterated through when using the '--downlevelIteration' flag or with a '--target' of 'es2015' or higher.
src/integrations/solvex/api/solvexSearchService.ts(79,36): error TS2802: Type 'Set<string>' can only be iterated through when using the '--downlevelIteration' flag or with a '--target' of 'es2015' or higher.
src/integrations/solvex/api/solvexSearchService.ts(197,35): error TS2802: Type 'Set<string>' can only be iterated through when using the '--downlevelIteration' flag or with a '--target' of 'es2015' or higher.
src/integrations/solvex/SolvexProvider.ts(102,23): error TS1343: The 'import.meta' meta-property is only allowed when the '--module' option is 'es2020', 'es2022', 'esnext', 'system', 'node16', 'node18', 'node20', or 'nodenext'.
src/integrations/solvex/SolvexProvider.ts(102,35): error TS2339: Property 'env' does not exist on type 'ImportMeta'.
src/integrations/solvex/SolvexProvider.ts(103,26): error TS1343: The 'import.meta' meta-property is only allowed when the '--module' option is 'es2020', 'es2022', 'esnext', 'system', 'node16', 'node18', 'node20', or 'nodenext'.
src/integrations/solvex/SolvexProvider.ts(103,38): error TS2339: Property 'env' does not exist on type 'ImportMeta'.
src/pages/SmartSearch.tsx(1,8): error TS1259: Module '"D:/PrimeToClick-Refaktorisano/node_modules/@types/react/index"' can only be default-imported using the 'esModuleInterop' flag
src/pages/SmartSearch.tsx(2,35): error TS6142: Module '../components/icons/ClickToTravelLogo' was resolved to 'D:/PrimeToClick-Refaktorisano/src/components/icons/ClickToTravelLogo.tsx', but '--jsx' is not set.
src/pages/SmartSearch.tsx(20,32): error TS6142: Module '../components/ModernCalendar' was resolved to 'D:/PrimeToClick-Refaktorisano/src/components/ModernCalendar.tsx', but '--jsx' is not set.
src/pages/SmartSearch.tsx(21,37): error TS6142: Module '../components/MultiSelectDropdown' was resolved to 'D:/PrimeToClick-Refaktorisano/src/components/MultiSelectDropdown.tsx', but '--jsx' is not set.
src/pages/SmartSearch.tsx(22,30): error TS6142: Module '../components/booking/BookingModal' was resolved to 'D:/PrimeToClick-Refaktorisano/src/components/booking/BookingModal.tsx', but '--jsx' is not set.
src/pages/SmartSearch.tsx(23,37): error TS6142: Module '../components/booking/BookingSuccessModal' was resolved to 'D:/PrimeToClick-Refaktorisano/src/components/booking/BookingSuccessModal.tsx', but '--jsx' is not set.
src/pages/SmartSearch.tsx(25,27): error TS6142: Module './PackageSearch' was resolved to 'D:/PrimeToClick-Refaktorisano/src/pages/PackageSearch.tsx', but '--jsx' is not set.
src/pages/SmartSearch.tsx(26,26): error TS6142: Module './FlightSearch' was resolved to 'D:/PrimeToClick-Refaktorisano/src/pages/FlightSearch.tsx', but '--jsx' is not set.
src/pages/SmartSearch.tsx(27,34): error TS6142: Module '../components/BudgetTypeToggle' was resolved to 'D:/PrimeToClick-Refaktorisano/src/components/BudgetTypeToggle.tsx', but '--jsx' is not set.
src/pages/SmartSearch.tsx(41,38): error TS6142: Module './SmartSearch/components/SearchHistorySidebar' was resolved to 'D:/PrimeToClick-Refaktorisano/src/pages/SmartSearch/components/SearchHistorySidebar.tsx', but '--jsx' is not set.
src/pages/SmartSearch.tsx(43,31): error TS6142: Module './SmartSearch/components/FilterSidebar' was resolved to 'D:/PrimeToClick-Refaktorisano/src/pages/SmartSearch/components/FilterSidebar.tsx', but '--jsx' is not set.
src/pages/SmartSearch.tsx(44,27): error TS6142: Module './SmartSearch/components/HotelCard' was resolved to 'D:/PrimeToClick-Refaktorisano/src/pages/SmartSearch/components/HotelCard.tsx', but '--jsx' is not set.
src/pages/SmartSearch.tsx(45,35): error TS6142: Module './SmartSearch/components/HotelDetailsModal' was resolved to 'D:/PrimeToClick-Refaktorisano/src/pages/SmartSearch/components/HotelDetailsModal.tsx', but '--jsx' is not set.
src/pages/SmartSearch.tsx(46,35): error TS6142: Module './SmartSearch/components/CancellationModal' was resolved to 'D:/PrimeToClick-Refaktorisano/src/pages/SmartSearch/components/CancellationModal.tsx', but '--jsx' is not set.
src/pages/SmartSearch.tsx(47,31): error TS6142: Module './SmartSearch/components/MilicaAdvisor' was resolved to 'D:/PrimeToClick-Refaktorisano/src/pages/SmartSearch/components/MilicaAdvisor.tsx', but '--jsx' is not set.
src/pages/SmartSearch.tsx(48,35): error TS6142: Module './SmartSearch/components/MilicaStartSearch' was resolved to 'D:/PrimeToClick-Refaktorisano/src/pages/SmartSearch/components/MilicaStartSearch.tsx', but '--jsx' is not set.
src/pages/SmartSearch.tsx(49,28): error TS6142: Module './SmartSearch/components/MilicaChat' was resolved to 'D:/PrimeToClick-Refaktorisano/src/pages/SmartSearch/components/MilicaChat.tsx', but '--jsx' is not set.
src/pages/SmartSearch.tsx(50,33): error TS6142: Module '../components/packages/Steps/NarrativeSearch' was resolved to 'D:/PrimeToClick-Refaktorisano/src/components/packages/Steps/NarrativeSearch.tsx', but '--jsx' is not set.
src/pages/SmartSearch.tsx(51,59): error TS6142: Module '../components/packages/Steps/ImmersiveSearch' was resolved to 'D:/PrimeToClick-Refaktorisano/src/components/packages/Steps/ImmersiveSearch.tsx', but '--jsx' is not set.
src/pages/SmartSearch.tsx(52,35): error TS6142: Module '../components/packages/Steps/ImmersiveSearchV2' was resolved to 'D:/PrimeToClick-Refaktorisano/src/components/packages/Steps/ImmersiveSearchV2.tsx', but '--jsx' is not set.
src/pages/SmartSearch.tsx(53,65): error TS6142: Module '../components/packages/Steps/ImmersiveMapSearch' was resolved to 'D:/PrimeToClick-Refaktorisano/src/components/packages/Steps/ImmersiveMapSearch.tsx', but '--jsx' is not set.
src/pages/SmartSearch.tsx(54,30): error TS6142: Module './SmartSearch/components/SmartMapExplorer' was resolved to 'D:/PrimeToClick-Refaktorisano/src/pages/SmartSearch/components/SmartMapExplorer.tsx', but '--jsx' is not set.
src/pages/SmartSearch.tsx(59,88): error TS6142: Module './SmartSearch/renderHelpers' was resolved to 'D:/PrimeToClick-Refaktorisano/src/pages/SmartSearch/renderHelpers.tsx', but '--jsx' is not set.
src/pages/SmartSearch.tsx(118,9): error TS17004: Cannot use JSX unless the '--jsx' flag is provided.
src/pages/SmartSearch.tsx(119,13): error TS17004: Cannot use JSX unless the '--jsx' flag is provided.
src/pages/SmartSearch.tsx(130,17): error TS17004: Cannot use JSX unless the '--jsx' flag is provided.
src/pages/SmartSearch.tsx(130,43): error TS17004: Cannot use JSX unless the '--jsx' flag is provided.
src/pages/SmartSearch.tsx(132,13): error TS17004: Cannot use JSX unless the '--jsx' flag is provided.
src/pages/SmartSearch.tsx(143,17): error TS17004: Cannot use JSX unless the '--jsx' flag is provided.
src/pages/SmartSearch.tsx(143,45): error TS17004: Cannot use JSX unless the '--jsx' flag is provided.
src/pages/SmartSearch.tsx(145,13): error TS17004: Cannot use JSX unless the '--jsx' flag is provided.
src/pages/SmartSearch.tsx(156,17): error TS17004: Cannot use JSX unless the '--jsx' flag is provided.
src/pages/SmartSearch.tsx(156,39): error TS17004: Cannot use JSX unless the '--jsx' flag is provided.
src/pages/SmartSearch.tsx(1328,13): error TS17004: Cannot use JSX unless the '--jsx' flag is provided.
src/pages/SmartSearch.tsx(1330,21): error TS17004: Cannot use JSX unless the '--jsx' flag is provided.
src/pages/SmartSearch.tsx(1344,33): error TS17004: Cannot use JSX unless the '--jsx' flag is provided.
src/pages/SmartSearch.tsx(1346,13): error TS17004: Cannot use JSX unless the '--jsx' flag is provided.
src/pages/SmartSearch.tsx(1348,21): error TS17004: Cannot use JSX unless the '--jsx' flag is provided.
src/pages/SmartSearch.tsx(1355,9): error TS17004: Cannot use JSX unless the '--jsx' flag is provided.
src/pages/SmartSearch.tsx(1361,17): error TS17004: Cannot use JSX unless the '--jsx' flag is provided.
src/pages/SmartSearch.tsx(1362,21): error TS17004: Cannot use JSX unless the '--jsx' flag is provided.
src/pages/SmartSearch.tsx(1362,49): error TS17004: Cannot use JSX unless the '--jsx' flag is provided.
src/pages/SmartSearch.tsx(1363,21): error TS17004: Cannot use JSX unless the '--jsx' flag is provided.
src/pages/SmartSearch.tsx(1364,25): error TS17004: Cannot use JSX unless the '--jsx' flag is provided.
src/pages/SmartSearch.tsx(1365,25): error TS17004: Cannot use JSX unless the '--jsx' flag is provided.
src/pages/SmartSearch.tsx(1367,21): error TS17004: Cannot use JSX unless the '--jsx' flag is provided.
src/pages/SmartSearch.tsx(1367,96): error TS17004: Cannot use JSX unless the '--jsx' flag is provided.
src/pages/SmartSearch.tsx(1373,17): error TS17004: Cannot use JSX unless the '--jsx' flag is provided.
src/pages/SmartSearch.tsx(1376,21): error TS17004: Cannot use JSX unless the '--jsx' flag is provided.
src/pages/SmartSearch.tsx(1378,29): error TS17004: Cannot use JSX unless the '--jsx' flag is provided.
src/pages/SmartSearch.tsx(1402,33): error TS17004: Cannot use JSX unless the '--jsx' flag is provided.
src/pages/SmartSearch.tsx(1408,21): error TS17004: Cannot use JSX unless the '--jsx' flag is provided.
src/pages/SmartSearch.tsx(1410,29): error TS17004: Cannot use JSX unless the '--jsx' flag is provided.
src/pages/SmartSearch.tsx(1422,41): error TS17004: Cannot use JSX unless the '--jsx' flag is provided.
src/pages/SmartSearch.tsx(1440,45): error TS17004: Cannot use JSX unless the '--jsx' flag is provided.
src/pages/SmartSearch.tsx(1442,56): error TS17004: Cannot use JSX unless the '--jsx' flag is provided.
src/pages/SmartSearch.tsx(1451,21): error TS17004: Cannot use JSX unless the '--jsx' flag is provided.
src/pages/SmartSearch.tsx(1453,25): error TS17004: Cannot use JSX unless the '--jsx' flag is provided.
src/pages/SmartSearch.tsx(1458,29): error TS17004: Cannot use JSX unless the '--jsx' flag is provided.
src/pages/SmartSearch.tsx(1459,33): error TS17004: Cannot use JSX unless the '--jsx' flag is provided.
src/pages/SmartSearch.tsx(1460,33): error TS17004: Cannot use JSX unless the '--jsx' flag is provided.
src/pages/SmartSearch.tsx(1465,29): error TS17004: Cannot use JSX unless the '--jsx' flag is provided.
src/pages/SmartSearch.tsx(1466,33): error TS17004: Cannot use JSX unless the '--jsx' flag is provided.
src/pages/SmartSearch.tsx(1467,33): error TS17004: Cannot use JSX unless the '--jsx' flag is provided.
src/pages/SmartSearch.tsx(1473,25): error TS17004: Cannot use JSX unless the '--jsx' flag is provided.
src/pages/SmartSearch.tsx(1490,50): error TS17004: Cannot use JSX unless the '--jsx' flag is provided.
src/pages/SmartSearch.tsx(1490,73): error TS17004: Cannot use JSX unless the '--jsx' flag is provided.
src/pages/SmartSearch.tsx(1498,17): error TS17004: Cannot use JSX unless the '--jsx' flag is provided.
src/pages/SmartSearch.tsx(1499,21): error TS17004: Cannot use JSX unless the '--jsx' flag is provided.
src/pages/SmartSearch.tsx(1513,25): error TS17004: Cannot use JSX unless the '--jsx' flag is provided.
src/pages/SmartSearch.tsx(1524,29): error TS17004: Cannot use JSX unless the '--jsx' flag is provided.
src/pages/SmartSearch.tsx(1526,25): error TS17004: Cannot use JSX unless the '--jsx' flag is provided.
src/pages/SmartSearch.tsx(1537,29): error TS17004: Cannot use JSX unless the '--jsx' flag is provided.
src/pages/SmartSearch.tsx(1539,25): error TS17004: Cannot use JSX unless the '--jsx' flag is provided.
src/pages/SmartSearch.tsx(1550,29): error TS17004: Cannot use JSX unless the '--jsx' flag is provided.
src/pages/SmartSearch.tsx(1552,25): error TS17004: Cannot use JSX unless the '--jsx' flag is provided.
src/pages/SmartSearch.tsx(1563,29): error TS17004: Cannot use JSX unless the '--jsx' flag is provided.
src/pages/SmartSearch.tsx(1565,25): error TS17004: Cannot use JSX unless the '--jsx' flag is provided.
src/pages/SmartSearch.tsx(1576,29): error TS17004: Cannot use JSX unless the '--jsx' flag is provided.
src/pages/SmartSearch.tsx(1578,25): error TS17004: Cannot use JSX unless the '--jsx' flag is provided.
src/pages/SmartSearch.tsx(1589,29): error TS17004: Cannot use JSX unless the '--jsx' flag is provided.
src/pages/SmartSearch.tsx(1596,13): error TS17004: Cannot use JSX unless the '--jsx' flag is provided.
src/pages/SmartSearch.tsx(1599,25): error TS17004: Cannot use JSX unless the '--jsx' flag is provided.
src/pages/SmartSearch.tsx(1608,29): error TS17004: Cannot use JSX unless the '--jsx' flag is provided.
src/pages/SmartSearch.tsx(1609,29): error TS17004: Cannot use JSX unless the '--jsx' flag is provided.
src/pages/SmartSearch.tsx(1617,17): error TS17004: Cannot use JSX unless the '--jsx' flag is provided.
src/pages/SmartSearch.tsx(1618,21): error TS17004: Cannot use JSX unless the '--jsx' flag is provided.
src/pages/SmartSearch.tsx(1626,17): error TS17004: Cannot use JSX unless the '--jsx' flag is provided.
src/pages/SmartSearch.tsx(1627,21): error TS17004: Cannot use JSX unless the '--jsx' flag is provided.
src/pages/SmartSearch.tsx(1630,17): error TS17004: Cannot use JSX unless the '--jsx' flag is provided.
src/pages/SmartSearch.tsx(1631,21): error TS17004: Cannot use JSX unless the '--jsx' flag is provided.
src/pages/SmartSearch.tsx(1632,21): error TS17004: Cannot use JSX unless the '--jsx' flag is provided.
src/pages/SmartSearch.tsx(1633,21): error TS17004: Cannot use JSX unless the '--jsx' flag is provided.
src/pages/SmartSearch.tsx(1636,17): error TS17004: Cannot use JSX unless the '--jsx' flag is provided.
src/pages/SmartSearch.tsx(1639,21): error TS17004: Cannot use JSX unless the '--jsx' flag is provided.
src/pages/SmartSearch.tsx(1643,29): error TS17004: Cannot use JSX unless the '--jsx' flag is provided.
src/pages/SmartSearch.tsx(1644,33): error TS17004: Cannot use JSX unless the '--jsx' flag is provided.
src/pages/SmartSearch.tsx(1667,33): error TS17004: Cannot use JSX unless the '--jsx' flag is provided.
src/pages/SmartSearch.tsx(1668,37): error TS17004: Cannot use JSX unless the '--jsx' flag is provided.
src/pages/SmartSearch.tsx(1669,41): error TS17004: Cannot use JSX unless the '--jsx' flag is provided.
src/pages/SmartSearch.tsx(1670,41): error TS17004: Cannot use JSX unless the '--jsx' flag is provided.
src/pages/SmartSearch.tsx(1671,41): error TS17004: Cannot use JSX unless the '--jsx' flag is provided.
src/pages/SmartSearch.tsx(1673,37): error TS17004: Cannot use JSX unless the '--jsx' flag is provided.
src/pages/SmartSearch.tsx(1674,41): error TS17004: Cannot use JSX unless the '--jsx' flag is provided.
src/pages/SmartSearch.tsx(1687,45): error TS17004: Cannot use JSX unless the '--jsx' flag is provided.
src/pages/SmartSearch.tsx(1689,41): error TS17004: Cannot use JSX unless the '--jsx' flag is provided.
src/pages/SmartSearch.tsx(1690,45): error TS17004: Cannot use JSX unless the '--jsx' flag is provided.
src/pages/SmartSearch.tsx(1702,49): error TS17004: Cannot use JSX unless the '--jsx' flag is provided.
src/pages/SmartSearch.tsx(1704,45): error TS17004: Cannot use JSX unless the '--jsx' flag is provided.
src/pages/SmartSearch.tsx(1716,49): error TS17004: Cannot use JSX unless the '--jsx' flag is provided.
src/pages/SmartSearch.tsx(1718,45): error TS17004: Cannot use JSX unless the '--jsx' flag is provided.
src/pages/SmartSearch.tsx(1730,49): error TS17004: Cannot use JSX unless the '--jsx' flag is provided.
src/pages/SmartSearch.tsx(1736,33): error TS17004: Cannot use JSX unless the '--jsx' flag is provided.
src/pages/SmartSearch.tsx(1741,45): error TS17004: Cannot use JSX unless the '--jsx' flag is provided.
src/pages/SmartSearch.tsx(1761,41): error TS17004: Cannot use JSX unless the '--jsx' flag is provided.
src/pages/SmartSearch.tsx(1762,45): error TS17004: Cannot use JSX unless the '--jsx' flag is provided.
src/pages/SmartSearch.tsx(1763,45): error TS17004: Cannot use JSX unless the '--jsx' flag is provided.
src/pages/SmartSearch.tsx(1764,45): error TS17004: Cannot use JSX unless the '--jsx' flag is provided.
src/pages/SmartSearch.tsx(1770,29): error TS17004: Cannot use JSX unless the '--jsx' flag is provided.
src/pages/SmartSearch.tsx(1773,37): error TS17004: Cannot use JSX unless the '--jsx' flag is provided.
src/pages/SmartSearch.tsx(1774,41): error TS17004: Cannot use JSX unless the '--jsx' flag is provided.
src/pages/SmartSearch.tsx(1776,41): error TS17004: Cannot use JSX unless the '--jsx' flag is provided.
src/pages/SmartSearch.tsx(1778,41): error TS17004: Cannot use JSX unless the '--jsx' flag is provided.
src/pages/SmartSearch.tsx(1792,45): error TS17004: Cannot use JSX unless the '--jsx' flag is provided.
src/pages/SmartSearch.tsx(1793,49): error TS17004: Cannot use JSX unless the '--jsx' flag is provided.
src/pages/SmartSearch.tsx(1800,37): error TS17004: Cannot use JSX unless the '--jsx' flag is provided.
src/pages/SmartSearch.tsx(1801,41): error TS17004: Cannot use JSX unless the '--jsx' flag is provided.
src/pages/SmartSearch.tsx(1802,45): error TS17004: Cannot use JSX unless the '--jsx' flag is provided.
src/pages/SmartSearch.tsx(1807,49): error TS17004: Cannot use JSX unless the '--jsx' flag is provided.
src/pages/SmartSearch.tsx(1809,45): error TS17004: Cannot use JSX unless the '--jsx' flag is provided.
src/pages/SmartSearch.tsx(1812,45): error TS17004: Cannot use JSX unless the '--jsx' flag is provided.
src/pages/SmartSearch.tsx(1821,53): error TS17004: Cannot use JSX unless the '--jsx' flag is provided.
src/pages/SmartSearch.tsx(1826,57): error TS17004: Cannot use JSX unless the '--jsx' flag is provided.
src/pages/SmartSearch.tsx(1827,57): error TS17004: Cannot use JSX unless the '--jsx' flag is provided.
src/pages/SmartSearch.tsx(1827,76): error TS17004: Cannot use JSX unless the '--jsx' flag is provided.
src/pages/SmartSearch.tsx(1833,41): error TS17004: Cannot use JSX unless the '--jsx' flag is provided.
src/pages/SmartSearch.tsx(1834,45): error TS17004: Cannot use JSX unless the '--jsx' flag is provided.
src/pages/SmartSearch.tsx(1846,45): error TS17004: Cannot use JSX unless the '--jsx' flag is provided.
src/pages/SmartSearch.tsx(1857,64): error TS17004: Cannot use JSX unless the '--jsx' flag is provided.
src/pages/SmartSearch.tsx(1857,100): error TS17004: Cannot use JSX unless the '--jsx' flag is provided.
src/pages/SmartSearch.tsx(1862,41): error TS17004: Cannot use JSX unless the '--jsx' flag is provided.
src/pages/SmartSearch.tsx(1864,49): error TS17004: Cannot use JSX unless the '--jsx' flag is provided.
src/pages/SmartSearch.tsx(1883,37): error TS17004: Cannot use JSX unless the '--jsx' flag is provided.
src/pages/SmartSearch.tsx(1884,41): error TS17004: Cannot use JSX unless the '--jsx' flag is provided.
src/pages/SmartSearch.tsx(1904,37): error TS17004: Cannot use JSX unless the '--jsx' flag is provided.
src/pages/SmartSearch.tsx(1905,41): error TS17004: Cannot use JSX unless the '--jsx' flag is provided.
src/pages/SmartSearch.tsx(1924,37): error TS17004: Cannot use JSX unless the '--jsx' flag is provided.
src/pages/SmartSearch.tsx(1925,41): error TS17004: Cannot use JSX unless the '--jsx' flag is provided.
src/pages/SmartSearch.tsx(1945,37): error TS17004: Cannot use JSX unless the '--jsx' flag is provided.
src/pages/SmartSearch.tsx(1947,41): error TS17004: Cannot use JSX unless the '--jsx' flag is provided.
src/pages/SmartSearch.tsx(1948,45): error TS17004: Cannot use JSX unless the '--jsx' flag is provided.
src/pages/SmartSearch.tsx(1948,74): error TS17004: Cannot use JSX unless the '--jsx' flag is provided.
src/pages/SmartSearch.tsx(1949,45): error TS17004: Cannot use JSX unless the '--jsx' flag is provided.
src/pages/SmartSearch.tsx(1950,49): error TS17004: Cannot use JSX unless the '--jsx' flag is provided.
src/pages/SmartSearch.tsx(1952,57): error TS17004: Cannot use JSX unless the '--jsx' flag is provided.
src/pages/SmartSearch.tsx(1953,86): error TS17004: Cannot use JSX unless the '--jsx' flag is provided.
src/pages/SmartSearch.tsx(1953,108): error TS17004: Cannot use JSX unless the '--jsx' flag is provided.
src/pages/SmartSearch.tsx(1954,61): error TS17004: Cannot use JSX unless the '--jsx' flag is provided.
src/pages/SmartSearch.tsx(1955,61): error TS17004: Cannot use JSX unless the '--jsx' flag is provided.
src/pages/SmartSearch.tsx(1955,185): error TS17004: Cannot use JSX unless the '--jsx' flag is provided.
src/pages/SmartSearch.tsx(1959,57): error TS17004: Cannot use JSX unless the '--jsx' flag is provided.
src/pages/SmartSearch.tsx(1971,53): error TS17004: Cannot use JSX unless the '--jsx' flag is provided.
src/pages/SmartSearch.tsx(1973,61): error TS17004: Cannot use JSX unless the '--jsx' flag is provided.
src/pages/SmartSearch.tsx(1974,87): error TS17004: Cannot use JSX unless the '--jsx' flag is provided.
src/pages/SmartSearch.tsx(1974,143): error TS17004: Cannot use JSX unless the '--jsx' flag is provided.
src/pages/SmartSearch.tsx(1975,65): error TS17004: Cannot use JSX unless the '--jsx' flag is provided.
src/pages/SmartSearch.tsx(1976,69): error TS17004: Cannot use JSX unless the '--jsx' flag is provided.
src/pages/SmartSearch.tsx(1977,69): error TS17004: Cannot use JSX unless the '--jsx' flag is provided.
src/pages/SmartSearch.tsx(1989,41): error TS17004: Cannot use JSX unless the '--jsx' flag is provided.
src/pages/SmartSearch.tsx(1990,45): error TS17004: Cannot use JSX unless the '--jsx' flag is provided.
src/pages/SmartSearch.tsx(1991,49): error TS17004: Cannot use JSX unless the '--jsx' flag is provided.
src/pages/SmartSearch.tsx(1991,78): error TS17004: Cannot use JSX unless the '--jsx' flag is provided.
src/pages/SmartSearch.tsx(1992,49): error TS17004: Cannot use JSX unless the '--jsx' flag is provided.
src/pages/SmartSearch.tsx(1993,86): error TS17004: Cannot use JSX unless the '--jsx' flag is provided.
src/pages/SmartSearch.tsx(1997,45): error TS17004: Cannot use JSX unless the '--jsx' flag is provided.
src/pages/SmartSearch.tsx(1998,49): error TS17004: Cannot use JSX unless the '--jsx' flag is provided.
src/pages/SmartSearch.tsx(1998,78): error TS17004: Cannot use JSX unless the '--jsx' flag is provided.
src/pages/SmartSearch.tsx(1999,49): error TS17004: Cannot use JSX unless the '--jsx' flag is provided.
src/pages/SmartSearch.tsx(2000,88): error TS17004: Cannot use JSX unless the '--jsx' flag is provided.
src/pages/SmartSearch.tsx(2004,45): error TS17004: Cannot use JSX unless the '--jsx' flag is provided.
src/pages/SmartSearch.tsx(2005,49): error TS17004: Cannot use JSX unless the '--jsx' flag is provided.
src/pages/SmartSearch.tsx(2005,78): error TS17004: Cannot use JSX unless the '--jsx' flag is provided.
src/pages/SmartSearch.tsx(2006,49): error TS17004: Cannot use JSX unless the '--jsx' flag is provided.
src/pages/SmartSearch.tsx(2008,57): error TS17004: Cannot use JSX unless the '--jsx' flag is provided.
src/pages/SmartSearch.tsx(2019,45): error TS17004: Cannot use JSX unless the '--jsx' flag is provided.
src/pages/SmartSearch.tsx(2020,49): error TS17004: Cannot use JSX unless the '--jsx' flag is provided.
src/pages/SmartSearch.tsx(2020,78): error TS17004: Cannot use JSX unless the '--jsx' flag is provided.
src/pages/SmartSearch.tsx(2021,49): error TS17004: Cannot use JSX unless the '--jsx' flag is provided.
src/pages/SmartSearch.tsx(2022,53): error TS17004: Cannot use JSX unless the '--jsx' flag is provided.
src/pages/SmartSearch.tsx(2025,53): error TS17004: Cannot use JSX unless the '--jsx' flag is provided.
src/pages/SmartSearch.tsx(2028,53): error TS17004: Cannot use JSX unless the '--jsx' flag is provided.
src/pages/SmartSearch.tsx(2029,57): error TS17004: Cannot use JSX unless the '--jsx' flag is provided.
src/pages/SmartSearch.tsx(2030,61): error TS17004: Cannot use JSX unless the '--jsx' flag is provided.
src/pages/SmartSearch.tsx(2032,65): error TS17004: Cannot use JSX unless the '--jsx' flag is provided.
src/pages/SmartSearch.tsx(2037,57): error TS17004: Cannot use JSX unless the '--jsx' flag is provided.
src/pages/SmartSearch.tsx(2038,61): error TS17004: Cannot use JSX unless the '--jsx' flag is provided.
src/pages/SmartSearch.tsx(2044,45): error TS17004: Cannot use JSX unless the '--jsx' flag is provided.
src/pages/SmartSearch.tsx(2045,49): error TS17004: Cannot use JSX unless the '--jsx' flag is provided.
src/pages/SmartSearch.tsx(2045,78): error TS17004: Cannot use JSX unless the '--jsx' flag is provided.
src/pages/SmartSearch.tsx(2046,49): error TS17004: Cannot use JSX unless the '--jsx' flag is provided.
src/pages/SmartSearch.tsx(2047,53): error TS17004: Cannot use JSX unless the '--jsx' flag is provided.
src/pages/SmartSearch.tsx(2050,53): error TS17004: Cannot use JSX unless the '--jsx' flag is provided.
src/pages/SmartSearch.tsx(2053,53): error TS17004: Cannot use JSX unless the '--jsx' flag is provided.
src/pages/SmartSearch.tsx(2054,57): error TS17004: Cannot use JSX unless the '--jsx' flag is provided.
src/pages/SmartSearch.tsx(2055,61): error TS17004: Cannot use JSX unless the '--jsx' flag is provided.
src/pages/SmartSearch.tsx(2064,65): error TS17004: Cannot use JSX unless the '--jsx' flag is provided.
src/pages/SmartSearch.tsx(2069,57): error TS17004: Cannot use JSX unless the '--jsx' flag is provided.
src/pages/SmartSearch.tsx(2070,61): error TS17004: Cannot use JSX unless the '--jsx' flag is provided.
src/pages/SmartSearch.tsx(2076,45): error TS17004: Cannot use JSX unless the '--jsx' flag is provided.
src/pages/SmartSearch.tsx(2078,49): error TS17004: Cannot use JSX unless the '--jsx' flag is provided.
src/pages/SmartSearch.tsx(2079,53): error TS17004: Cannot use JSX unless the '--jsx' flag is provided.
src/pages/SmartSearch.tsx(2079,82): error TS17004: Cannot use JSX unless the '--jsx' flag is provided.
src/pages/SmartSearch.tsx(2080,53): error TS17004: Cannot use JSX unless the '--jsx' flag is provided.
src/pages/SmartSearch.tsx(2081,57): error TS17004: Cannot use JSX unless the '--jsx' flag is provided.
src/pages/SmartSearch.tsx(2084,57): error TS17004: Cannot use JSX unless the '--jsx' flag is provided.
src/pages/SmartSearch.tsx(2087,57): error TS17004: Cannot use JSX unless the '--jsx' flag is provided.
src/pages/SmartSearch.tsx(2088,61): error TS17004: Cannot use JSX unless the '--jsx' flag is provided.
src/pages/SmartSearch.tsx(2090,69): error TS17004: Cannot use JSX unless the '--jsx' flag is provided.
src/pages/SmartSearch.tsx(2108,49): error TS17004: Cannot use JSX unless the '--jsx' flag is provided.
src/pages/SmartSearch.tsx(2109,53): error TS17004: Cannot use JSX unless the '--jsx' flag is provided.
src/pages/SmartSearch.tsx(2110,57): error TS17004: Cannot use JSX unless the '--jsx' flag is provided.
src/pages/SmartSearch.tsx(2111,61): error TS17004: Cannot use JSX unless the '--jsx' flag is provided.
src/pages/SmartSearch.tsx(2113,57): error TS17004: Cannot use JSX unless the '--jsx' flag is provided.
src/pages/SmartSearch.tsx(2118,53): error TS17004: Cannot use JSX unless the '--jsx' flag is provided.
src/pages/SmartSearch.tsx(2119,57): error TS17004: Cannot use JSX unless the '--jsx' flag is provided.
src/pages/SmartSearch.tsx(2127,57): error TS17004: Cannot use JSX unless the '--jsx' flag is provided.
src/pages/SmartSearch.tsx(2140,45): error TS17004: Cannot use JSX unless the '--jsx' flag is provided.
src/pages/SmartSearch.tsx(2141,49): error TS17004: Cannot use JSX unless the '--jsx' flag is provided.
src/pages/SmartSearch.tsx(2143,57): error TS17004: Cannot use JSX unless the '--jsx' flag is provided.
src/pages/SmartSearch.tsx(2157,81): error TS17004: Cannot use JSX unless the '--jsx' flag is provided.
src/pages/SmartSearch.tsx(2162,49): error TS17004: Cannot use JSX unless the '--jsx' flag is provided.
src/pages/SmartSearch.tsx(2163,53): error TS17004: Cannot use JSX unless the '--jsx' flag is provided.
src/pages/SmartSearch.tsx(2165,57): error TS17004: Cannot use JSX unless the '--jsx' flag is provided.
src/pages/SmartSearch.tsx(2166,61): error TS17004: Cannot use JSX unless the '--jsx' flag is provided.
src/pages/SmartSearch.tsx(2167,61): error TS17004: Cannot use JSX unless the '--jsx' flag is provided.
src/pages/SmartSearch.tsx(2168,65): error TS17004: Cannot use JSX unless the '--jsx' flag is provided.
src/pages/SmartSearch.tsx(2173,65): error TS17004: Cannot use JSX unless the '--jsx' flag is provided.
src/pages/SmartSearch.tsx(2174,65): error TS17004: Cannot use JSX unless the '--jsx' flag is provided.
src/pages/SmartSearch.tsx(2183,57): error TS17004: Cannot use JSX unless the '--jsx' flag is provided.
src/pages/SmartSearch.tsx(2184,61): error TS17004: Cannot use JSX unless the '--jsx' flag is provided.
src/pages/SmartSearch.tsx(2185,61): error TS17004: Cannot use JSX unless the '--jsx' flag is provided.
src/pages/SmartSearch.tsx(2186,65): error TS17004: Cannot use JSX unless the '--jsx' flag is provided.
src/pages/SmartSearch.tsx(2194,65): error TS17004: Cannot use JSX unless the '--jsx' flag is provided.
src/pages/SmartSearch.tsx(2195,65): error TS17004: Cannot use JSX unless the '--jsx' flag is provided.
src/pages/SmartSearch.tsx(2208,61): error TS17004: Cannot use JSX unless the '--jsx' flag is provided.
src/pages/SmartSearch.tsx(2210,69): error TS17004: Cannot use JSX unless the '--jsx' flag is provided.
src/pages/SmartSearch.tsx(2211,73): error TS17004: Cannot use JSX unless the '--jsx' flag is provided.
src/pages/SmartSearch.tsx(2234,41): error TS17004: Cannot use JSX unless the '--jsx' flag is provided.
src/pages/SmartSearch.tsx(2235,45): error TS17004: Cannot use JSX unless the '--jsx' flag is provided.
src/pages/SmartSearch.tsx(2236,49): error TS17004: Cannot use JSX unless the '--jsx' flag is provided.
src/pages/SmartSearch.tsx(2237,53): error TS17004: Cannot use JSX unless the '--jsx' flag is provided.
src/pages/SmartSearch.tsx(2240,53): error TS17004: Cannot use JSX unless the '--jsx' flag is provided.
src/pages/SmartSearch.tsx(2241,57): error TS17004: Cannot use JSX unless the '--jsx' flag is provided.
src/pages/SmartSearch.tsx(2245,45): error TS17004: Cannot use JSX unless the '--jsx' flag is provided.
src/pages/SmartSearch.tsx(2246,49): error TS17004: Cannot use JSX unless the '--jsx' flag is provided.
src/pages/SmartSearch.tsx(2247,49): error TS17004: Cannot use JSX unless the '--jsx' flag is provided.
src/pages/SmartSearch.tsx(2261,21): error TS17004: Cannot use JSX unless the '--jsx' flag is provided.
src/pages/SmartSearch.tsx(2285,21): error TS17004: Cannot use JSX unless the '--jsx' flag is provided.
src/pages/SmartSearch.tsx(2287,29): error TS17004: Cannot use JSX unless the '--jsx' flag is provided.
src/pages/SmartSearch.tsx(2324,25): error TS17004: Cannot use JSX unless the '--jsx' flag is provided.
src/pages/SmartSearch.tsx(2344,21): error TS17004: Cannot use JSX unless the '--jsx' flag is provided.
src/pages/SmartSearch.tsx(2354,21): error TS17004: Cannot use JSX unless the '--jsx' flag is provided.
src/pages/SmartSearch.tsx(2368,21): error TS17004: Cannot use JSX unless the '--jsx' flag is provided.
src/pages/SmartSearch.tsx(2384,21): error TS17004: Cannot use JSX unless the '--jsx' flag is provided.
src/pages/SmartSearch.tsx(2389,25): error TS17004: Cannot use JSX unless the '--jsx' flag is provided.
src/pages/SmartSearch.tsx(2390,54): error TS17004: Cannot use JSX unless the '--jsx' flag is provided.
src/pages/SmartSearch.tsx(2399,21): error TS17004: Cannot use JSX unless the '--jsx' flag is provided.
src/pages/SmartSearch.tsx(2413,13): error TS17004: Cannot use JSX unless the '--jsx' flag is provided.
src/pages/SmartSearch.tsx(2416,21): error TS17004: Cannot use JSX unless the '--jsx' flag is provided.
src/services/activityTracker.ts(104,13): error TS1343: The 'import.meta' meta-property is only allowed when the '--module' option is 'es2020', 'es2022', 'esnext', 'system', 'node16', 'node18', 'node20', or 'nodenext'.
src/services/activityTracker.ts(104,25): error TS2339: Property 'env' does not exist on type 'ImportMeta'.
src/services/ai/AiIntelligenceService.ts(18,42): error TS1343: The 'import.meta' meta-property is only allowed when the '--module' option is 'es2020', 'es2022', 'esnext', 'system', 'node16', 'node18', 'node20', or 'nodenext'.
src/services/multiKeyAI.ts(73,31): error TS1343: The 'import.meta' meta-property is only allowed when the '--module' option is 'es2020', 'es2022', 'esnext', 'system', 'node16', 'node18', 'node20', or 'nodenext'.
src/services/multiKeyAI.ts(73,43): error TS2339: Property 'env' does not exist on type 'ImportMeta'.
src/services/multiKeyAI.ts(173,13): error TS1343: The 'import.meta' meta-property is only allowed when the '--module' option is 'es2020', 'es2022', 'esnext', 'system', 'node16', 'node18', 'node20', or 'nodenext'.
src/services/multiKeyAI.ts(173,25): error TS2339: Property 'env' does not exist on type 'ImportMeta'.
src/services/multiKeyAI.ts(327,13): error TS1343: The 'import.meta' meta-property is only allowed when the '--module' option is 'es2020', 'es2022', 'esnext', 'system', 'node16', 'node18', 'node20', or 'nodenext'.
src/services/multiKeyAI.ts(327,25): error TS2339: Property 'env' does not exist on type 'ImportMeta'.
src/services/smartSearchService.ts(228,36): error TS2802: Type 'Set<string>' can only be iterated through when using the '--downlevelIteration' flag or with a '--target' of 'es2015' or higher.
src/stores/vscodeStore.ts(1,13): error TS1259: Module '"D:/PrimeToClick-Refaktorisano/node_modules/@types/react/index"' can only be default-imported using the 'esModuleInterop' flag
src/utils/telegram.ts(9,19): error TS1343: The 'import.meta' meta-property is only allowed when the '--module' option is 'es2020', 'es2022', 'esnext', 'system', 'node16', 'node18', 'node20', or 'nodenext'.
src/utils/telegram.ts(9,31): error TS2339: Property 'env' does not exist on type 'ImportMeta'.
src/utils/telegram.ts(10,17): error TS1343: The 'import.meta' meta-property is only allowed when the '--module' option is 'es2020', 'es2022', 'esnext', 'system', 'node16', 'node18', 'node20', or 'nodenext'.
src/utils/telegram.ts(10,29): error TS2339: Property 'env' does not exist on type 'ImportMeta'.
